// Jest Snapshot v1, https://goo.gl/fbAQLP

exports[`Tests for Home page renders Home page component 1`] = `
Object {
  "asFragment": [Function],
  "baseElement": <body>
    <div>
      <div
        class="home-container"
      >
        <ds-input
          label="Busque por álbuns ou músicas"
          placeholder="Comece a escrever..."
        />
        <ds-fieldset
          label="Músicas ou álbuns buscados recentemente"
        >
          <a
            href="/album/0PT5m6hwPRrpBwIHVnvbFX"
          >
            <ds-image-label
              data-testid="album-track-card"
              imagesrc="https://i.scdn.co/image/ab67616d00001e02e3e3b64cea45265469d4cafa"
              primarylabel="Yesterday - Remastered 2009"
              secondarylabel="The Beatles"
            />
          </a>
          <a
            href="/album/1vANZV20H5B4Fk6yf7Ot9a"
          >
            <ds-image-label
              data-testid="album-track-card"
              imagesrc="https://i.scdn.co/image/ab67616d00001e0255612ece447bec5d62c68375"
              primarylabel="Beatles For Sale (Remastered)"
              secondarylabel="The Beatles"
            />
          </a>
          <a
            href="/album/2zeWAYgh0WfMhiHwvUV15b"
          >
            <ds-image-label
              data-testid="album-track-card"
              imagesrc="https://i.scdn.co/image/ab67616d00001e029f08c2a93ef090a1e1e6bf0c"
              primarylabel="Nó na Orelha"
              secondarylabel="Criolo"
            />
          </a>
        </ds-fieldset>
        <ds-button>
          Limpar histórico
        </ds-button>
      </div>
    </div>
  </body>,
  "container": <div>
    <div
      class="home-container"
    >
      <ds-input
        label="Busque por álbuns ou músicas"
        placeholder="Comece a escrever..."
      />
      <ds-fieldset
        label="Músicas ou álbuns buscados recentemente"
      >
        <a
          href="/album/0PT5m6hwPRrpBwIHVnvbFX"
        >
          <ds-image-label
            data-testid="album-track-card"
            imagesrc="https://i.scdn.co/image/ab67616d00001e02e3e3b64cea45265469d4cafa"
            primarylabel="Yesterday - Remastered 2009"
            secondarylabel="The Beatles"
          />
        </a>
        <a
          href="/album/1vANZV20H5B4Fk6yf7Ot9a"
        >
          <ds-image-label
            data-testid="album-track-card"
            imagesrc="https://i.scdn.co/image/ab67616d00001e0255612ece447bec5d62c68375"
            primarylabel="Beatles For Sale (Remastered)"
            secondarylabel="The Beatles"
          />
        </a>
        <a
          href="/album/2zeWAYgh0WfMhiHwvUV15b"
        >
          <ds-image-label
            data-testid="album-track-card"
            imagesrc="https://i.scdn.co/image/ab67616d00001e029f08c2a93ef090a1e1e6bf0c"
            primarylabel="Nó na Orelha"
            secondarylabel="Criolo"
          />
        </a>
      </ds-fieldset>
      <ds-button>
        Limpar histórico
      </ds-button>
    </div>
  </div>,
  "debug": [Function],
  "findAllByAltText": [Function],
  "findAllByDisplayValue": [Function],
  "findAllByLabelText": [Function],
  "findAllByPlaceholderText": [Function],
  "findAllByRole": [Function],
  "findAllByTestId": [Function],
  "findAllByText": [Function],
  "findAllByTitle": [Function],
  "findByAltText": [Function],
  "findByDisplayValue": [Function],
  "findByLabelText": [Function],
  "findByPlaceholderText": [Function],
  "findByRole": [Function],
  "findByTestId": [Function],
  "findByText": [Function],
  "findByTitle": [Function],
  "getAllByAltText": [Function],
  "getAllByDisplayValue": [Function],
  "getAllByLabelText": [Function],
  "getAllByPlaceholderText": [Function],
  "getAllByRole": [Function],
  "getAllByTestId": [Function],
  "getAllByText": [Function],
  "getAllByTitle": [Function],
  "getByAltText": [Function],
  "getByDisplayValue": [Function],
  "getByLabelText": [Function],
  "getByPlaceholderText": [Function],
  "getByRole": [Function],
  "getByTestId": [Function],
  "getByText": [Function],
  "getByTitle": [Function],
  "queryAllByAltText": [Function],
  "queryAllByDisplayValue": [Function],
  "queryAllByLabelText": [Function],
  "queryAllByPlaceholderText": [Function],
  "queryAllByRole": [Function],
  "queryAllByTestId": [Function],
  "queryAllByText": [Function],
  "queryAllByTitle": [Function],
  "queryByAltText": [Function],
  "queryByDisplayValue": [Function],
  "queryByLabelText": [Function],
  "queryByPlaceholderText": [Function],
  "queryByRole": [Function],
  "queryByTestId": [Function],
  "queryByText": [Function],
  "queryByTitle": [Function],
  "rerender": [Function],
  "store": Object {
    "dispatch": [Function],
    "getState": [Function],
    "replaceReducer": [Function],
    "subscribe": [Function],
    Symbol(observable): [Function],
  },
  "unmount": [Function],
}
`;
