// Jest Snapshot v1, https://goo.gl/fbAQLP

exports[`Tests for Album page renders Album page component 1`] = `
Object {
  "asFragment": [Function],
  "baseElement": <body>
    <div>
      <div
        class="album-container"
      >
        <ds-button
          isreturnbutton="true"
        >
          Voltar
        </ds-button>
        <div
          class="image-list-container"
        >
          <div
            class="image-container"
          >
            <ds-image-label
              imageheight="300"
              imagesrc="https://i.scdn.co/image/ab67616d00001e0229fa460a2fa1f7c16b7c97ae"
              imagewidth="300"
              primarylabel="Zé Neto & Cristiano Voz & Violão"
              secondarylabel="Zé Neto & Cristiano"
            />
          </div>
          <div
            class="list-container"
          >
            <ds-ordered-list
              itemselected=""
            />
          </div>
        </div>
        <div>
          <audio
            class="track-player"
            controls=""
            name="media"
          >
            <source
              src=""
              type="audio/mpeg"
            />
          </audio>
          
        </div>
      </div>
    </div>
  </body>,
  "container": <div>
    <div
      class="album-container"
    >
      <ds-button
        isreturnbutton="true"
      >
        Voltar
      </ds-button>
      <div
        class="image-list-container"
      >
        <div
          class="image-container"
        >
          <ds-image-label
            imageheight="300"
            imagesrc="https://i.scdn.co/image/ab67616d00001e0229fa460a2fa1f7c16b7c97ae"
            imagewidth="300"
            primarylabel="Zé Neto & Cristiano Voz & Violão"
            secondarylabel="Zé Neto & Cristiano"
          />
        </div>
        <div
          class="list-container"
        >
          <ds-ordered-list
            itemselected=""
          />
        </div>
      </div>
      <div>
        <audio
          class="track-player"
          controls=""
          name="media"
        >
          <source
            src=""
            type="audio/mpeg"
          />
        </audio>
        
      </div>
    </div>
  </div>,
  "debug": [Function],
  "findAllByAltText": [Function],
  "findAllByDisplayValue": [Function],
  "findAllByLabelText": [Function],
  "findAllByPlaceholderText": [Function],
  "findAllByRole": [Function],
  "findAllByTestId": [Function],
  "findAllByText": [Function],
  "findAllByTitle": [Function],
  "findByAltText": [Function],
  "findByDisplayValue": [Function],
  "findByLabelText": [Function],
  "findByPlaceholderText": [Function],
  "findByRole": [Function],
  "findByTestId": [Function],
  "findByText": [Function],
  "findByTitle": [Function],
  "getAllByAltText": [Function],
  "getAllByDisplayValue": [Function],
  "getAllByLabelText": [Function],
  "getAllByPlaceholderText": [Function],
  "getAllByRole": [Function],
  "getAllByTestId": [Function],
  "getAllByText": [Function],
  "getAllByTitle": [Function],
  "getByAltText": [Function],
  "getByDisplayValue": [Function],
  "getByLabelText": [Function],
  "getByPlaceholderText": [Function],
  "getByRole": [Function],
  "getByTestId": [Function],
  "getByText": [Function],
  "getByTitle": [Function],
  "queryAllByAltText": [Function],
  "queryAllByDisplayValue": [Function],
  "queryAllByLabelText": [Function],
  "queryAllByPlaceholderText": [Function],
  "queryAllByRole": [Function],
  "queryAllByTestId": [Function],
  "queryAllByText": [Function],
  "queryAllByTitle": [Function],
  "queryByAltText": [Function],
  "queryByDisplayValue": [Function],
  "queryByLabelText": [Function],
  "queryByPlaceholderText": [Function],
  "queryByRole": [Function],
  "queryByTestId": [Function],
  "queryByText": [Function],
  "queryByTitle": [Function],
  "rerender": [Function],
  "store": Object {
    "dispatch": [Function],
    "getState": [Function],
    "replaceReducer": [Function],
    "subscribe": [Function],
    Symbol(observable): [Function],
  },
  "unmount": [Function],
}
`;
